make.bat: Nothing to be done for 'all'.
